Archive member included because of file (symbol)

/Users/jholtom/Projects/gcc-arm-none-eabi-4_9-2015q1/lib/gcc/arm-none-eabi/4.9.3/armv6-m/libgcc.a(_udivsi3.o)
                              main.o (__aeabi_uidiv)
/Users/jholtom/Projects/gcc-arm-none-eabi-4_9-2015q1/lib/gcc/arm-none-eabi/4.9.3/armv6-m/libgcc.a(_dvmd_tls.o)
                              /Users/jholtom/Projects/gcc-arm-none-eabi-4_9-2015q1/lib/gcc/arm-none-eabi/4.9.3/armv6-m/libgcc.a(_udivsi3.o) (__aeabi_idiv0)
/Users/jholtom/Projects/gcc-arm-none-eabi-4_9-2015q1/lib/gcc/arm-none-eabi/4.9.3/armv6-m/libgcc.a(_fixunsdfsi.o)
                              main.o (__aeabi_d2uiz)
/Users/jholtom/Projects/gcc-arm-none-eabi-4_9-2015q1/lib/gcc/arm-none-eabi/4.9.3/armv6-m/libgcc.a(adddf3.o)
                              main.o (__aeabi_dadd)
/Users/jholtom/Projects/gcc-arm-none-eabi-4_9-2015q1/lib/gcc/arm-none-eabi/4.9.3/armv6-m/libgcc.a(divdf3.o)
                              main.o (__aeabi_ddiv)
/Users/jholtom/Projects/gcc-arm-none-eabi-4_9-2015q1/lib/gcc/arm-none-eabi/4.9.3/armv6-m/libgcc.a(muldf3.o)
                              main.o (__aeabi_dmul)
/Users/jholtom/Projects/gcc-arm-none-eabi-4_9-2015q1/lib/gcc/arm-none-eabi/4.9.3/armv6-m/libgcc.a(subdf3.o)
                              main.o (__aeabi_dsub)
/Users/jholtom/Projects/gcc-arm-none-eabi-4_9-2015q1/lib/gcc/arm-none-eabi/4.9.3/armv6-m/libgcc.a(fixdfsi.o)
                              /Users/jholtom/Projects/gcc-arm-none-eabi-4_9-2015q1/lib/gcc/arm-none-eabi/4.9.3/armv6-m/libgcc.a(_fixunsdfsi.o) (__aeabi_d2iz)
/Users/jholtom/Projects/gcc-arm-none-eabi-4_9-2015q1/lib/gcc/arm-none-eabi/4.9.3/armv6-m/libgcc.a(floatsidf.o)
                              main.o (__aeabi_i2d)
/Users/jholtom/Projects/gcc-arm-none-eabi-4_9-2015q1/lib/gcc/arm-none-eabi/4.9.3/armv6-m/libgcc.a(extendsfdf2.o)
                              main.o (__aeabi_f2d)
/Users/jholtom/Projects/gcc-arm-none-eabi-4_9-2015q1/lib/gcc/arm-none-eabi/4.9.3/armv6-m/libgcc.a(_arm_cmpdf2.o)
                              /Users/jholtom/Projects/gcc-arm-none-eabi-4_9-2015q1/lib/gcc/arm-none-eabi/4.9.3/armv6-m/libgcc.a(_fixunsdfsi.o) (__aeabi_dcmpge)
/Users/jholtom/Projects/gcc-arm-none-eabi-4_9-2015q1/lib/gcc/arm-none-eabi/4.9.3/armv6-m/libgcc.a(_clzsi2.o)
                              /Users/jholtom/Projects/gcc-arm-none-eabi-4_9-2015q1/lib/gcc/arm-none-eabi/4.9.3/armv6-m/libgcc.a(adddf3.o) (__clzsi2)
/Users/jholtom/Projects/gcc-arm-none-eabi-4_9-2015q1/lib/gcc/arm-none-eabi/4.9.3/armv6-m/libgcc.a(eqdf2.o)
                              /Users/jholtom/Projects/gcc-arm-none-eabi-4_9-2015q1/lib/gcc/arm-none-eabi/4.9.3/armv6-m/libgcc.a(_arm_cmpdf2.o) (__eqdf2)
/Users/jholtom/Projects/gcc-arm-none-eabi-4_9-2015q1/lib/gcc/arm-none-eabi/4.9.3/armv6-m/libgcc.a(gedf2.o)
                              /Users/jholtom/Projects/gcc-arm-none-eabi-4_9-2015q1/lib/gcc/arm-none-eabi/4.9.3/armv6-m/libgcc.a(_arm_cmpdf2.o) (__gedf2)
/Users/jholtom/Projects/gcc-arm-none-eabi-4_9-2015q1/lib/gcc/arm-none-eabi/4.9.3/armv6-m/libgcc.a(ledf2.o)
                              /Users/jholtom/Projects/gcc-arm-none-eabi-4_9-2015q1/lib/gcc/arm-none-eabi/4.9.3/armv6-m/libgcc.a(_arm_cmpdf2.o) (__ledf2)

Allocating common symbols
Common symbol       size              file

TXBuffer            0x8c              serial.o
RXBuffer            0x8c              serial.o

Memory Configuration

Name             Origin             Length             Attributes
flash            0x0000000000000000 0x0000000000008000
ram              0x0000000010000000 0x0000000000001000
*default*        0x0000000000000000 0xffffffffffffffff

Linker script and memory map

LOAD init.o
LOAD serial.o
LOAD main.o
LOAD /Users/jholtom/Projects/gcc-arm-none-eabi-4_9-2015q1/lib/gcc/arm-none-eabi/4.9.3/armv6-m/libgcc.a
                0x0000000000000000                . = ORIGIN (flash)

.text           0x0000000000000000     0x27a8
 *(.vectors)
 .vectors       0x0000000000000000       0xc0 init.o
                0x0000000000000000                Vectors
 *(.text)
 .text          0x00000000000000c0       0xcc init.o
                0x00000000000000c0                clock_init
                0x000000000000010c                init
                0x0000000000000184                Default_Handler
 .text          0x000000000000018c      0x32c serial.o
                0x000000000000018c                initUART
                0x000000000000027c                UART_isr
                0x00000000000002d4                putBuf
                0x000000000000031c                getBuf
                0x0000000000000370                rx_count
                0x0000000000000384                tx_count
                0x0000000000000398                eputc
                0x00000000000003d8                egetc
                0x00000000000003f0                printString
                0x0000000000000418                HexDigit
                0x0000000000000458                printInteger
 .text          0x00000000000004b8      0x458 main.o
                0x00000000000004b8                delay
                0x00000000000004d4                Output
                0x00000000000004f4                sine_taylor
                0x00000000000006d8                SysTick
                0x0000000000000780                initSysTick
                0x00000000000007b4                dec_to_str
                0x0000000000000838                ConfigPins
                0x00000000000008c8                ReadADC
                0x00000000000008fc                main
 .text          0x0000000000000910      0x120 /Users/jholtom/Projects/gcc-arm-none-eabi-4_9-2015q1/lib/gcc/arm-none-eabi/4.9.3/armv6-m/libgcc.a(_udivsi3.o)
                0x0000000000000910                __udivsi3
                0x0000000000000910                __aeabi_uidiv
                0x0000000000000a1c                __aeabi_uidivmod
 .text          0x0000000000000a30        0x4 /Users/jholtom/Projects/gcc-arm-none-eabi-4_9-2015q1/lib/gcc/arm-none-eabi/4.9.3/armv6-m/libgcc.a(_dvmd_tls.o)
                0x0000000000000a30                __aeabi_ldiv0
                0x0000000000000a30                __aeabi_idiv0
 .text          0x0000000000000a34       0x3c /Users/jholtom/Projects/gcc-arm-none-eabi-4_9-2015q1/lib/gcc/arm-none-eabi/4.9.3/armv6-m/libgcc.a(_fixunsdfsi.o)
                0x0000000000000a34                __fixunsdfsi
                0x0000000000000a34                __aeabi_d2uiz
 .text          0x0000000000000a70      0x650 /Users/jholtom/Projects/gcc-arm-none-eabi-4_9-2015q1/lib/gcc/arm-none-eabi/4.9.3/armv6-m/libgcc.a(adddf3.o)
                0x0000000000000a70                __aeabi_dadd
 .text          0x00000000000010c0      0x648 /Users/jholtom/Projects/gcc-arm-none-eabi-4_9-2015q1/lib/gcc/arm-none-eabi/4.9.3/armv6-m/libgcc.a(divdf3.o)
                0x00000000000010c0                __aeabi_ddiv
 .text          0x0000000000001708      0x534 /Users/jholtom/Projects/gcc-arm-none-eabi-4_9-2015q1/lib/gcc/arm-none-eabi/4.9.3/armv6-m/libgcc.a(muldf3.o)
                0x0000000000001708                __aeabi_dmul
 .text          0x0000000000001c3c      0x6f4 /Users/jholtom/Projects/gcc-arm-none-eabi-4_9-2015q1/lib/gcc/arm-none-eabi/4.9.3/armv6-m/libgcc.a(subdf3.o)
                0x0000000000001c3c                __aeabi_dsub
 .text          0x0000000000002330       0x6c /Users/jholtom/Projects/gcc-arm-none-eabi-4_9-2015q1/lib/gcc/arm-none-eabi/4.9.3/armv6-m/libgcc.a(fixdfsi.o)
                0x0000000000002330                __aeabi_d2iz
 .text          0x000000000000239c       0x78 /Users/jholtom/Projects/gcc-arm-none-eabi-4_9-2015q1/lib/gcc/arm-none-eabi/4.9.3/armv6-m/libgcc.a(floatsidf.o)
                0x000000000000239c                __aeabi_i2d
 .text          0x0000000000002414       0xa8 /Users/jholtom/Projects/gcc-arm-none-eabi-4_9-2015q1/lib/gcc/arm-none-eabi/4.9.3/armv6-m/libgcc.a(extendsfdf2.o)
                0x0000000000002414                __aeabi_f2d
 .text          0x00000000000024bc       0x7c /Users/jholtom/Projects/gcc-arm-none-eabi-4_9-2015q1/lib/gcc/arm-none-eabi/4.9.3/armv6-m/libgcc.a(_arm_cmpdf2.o)
                0x00000000000024bc                __aeabi_cdrcmple
                0x00000000000024cc                __aeabi_cdcmple
                0x00000000000024cc                __aeabi_cdcmpeq
                0x00000000000024dc                __aeabi_dcmpeq
                0x00000000000024e8                __aeabi_dcmplt
                0x00000000000024fc                __aeabi_dcmple
                0x0000000000002510                __aeabi_dcmpgt
                0x0000000000002524                __aeabi_dcmpge
 .text          0x0000000000002538       0x3c /Users/jholtom/Projects/gcc-arm-none-eabi-4_9-2015q1/lib/gcc/arm-none-eabi/4.9.3/armv6-m/libgcc.a(_clzsi2.o)
                0x0000000000002538                __clzsi2
 .text          0x0000000000002574       0x88 /Users/jholtom/Projects/gcc-arm-none-eabi-4_9-2015q1/lib/gcc/arm-none-eabi/4.9.3/armv6-m/libgcc.a(eqdf2.o)
                0x0000000000002574                __eqdf2
                0x0000000000002574                __nedf2
 .text          0x00000000000025fc       0xe0 /Users/jholtom/Projects/gcc-arm-none-eabi-4_9-2015q1/lib/gcc/arm-none-eabi/4.9.3/armv6-m/libgcc.a(gedf2.o)
                0x00000000000025fc                __gtdf2
                0x00000000000025fc                __gedf2
 .text          0x00000000000026dc       0xcc /Users/jholtom/Projects/gcc-arm-none-eabi-4_9-2015q1/lib/gcc/arm-none-eabi/4.9.3/armv6-m/libgcc.a(ledf2.o)
                0x00000000000026dc                __ltdf2
                0x00000000000026dc                __ledf2

.glue_7         0x00000000000027a8        0x0
 .glue_7        0x0000000000000000        0x0 linker stubs

.glue_7t        0x00000000000027a8        0x0
 .glue_7t       0x0000000000000000        0x0 linker stubs

.vfp11_veneer   0x00000000000027a8        0x0
 .vfp11_veneer  0x0000000000000000        0x0 linker stubs

.v4_bx          0x00000000000027a8        0x0
 .v4_bx         0x0000000000000000        0x0 linker stubs

.iplt           0x00000000000027a8        0x0
 .iplt          0x0000000000000000        0x0 init.o

.rel.dyn        0x00000000000027a8        0x0
 .rel.iplt      0x0000000000000000        0x0 init.o

.rodata         0x00000000000027a8       0x80
 .rodata        0x00000000000027a8       0x40 /Users/jholtom/Projects/gcc-arm-none-eabi-4_9-2015q1/lib/gcc/arm-none-eabi/4.9.3/armv6-m/libgcc.a(divdf3.o)
 .rodata        0x00000000000027e8       0x40 /Users/jholtom/Projects/gcc-arm-none-eabi-4_9-2015q1/lib/gcc/arm-none-eabi/4.9.3/armv6-m/libgcc.a(muldf3.o)
                0x0000000010000000                . = ORIGIN (ram)

.data           0x0000000010000000        0x4 load address 0x0000000000002828
                0x0000000000002828                INIT_DATA_VALUES = LOADADDR (.data)
                0x0000000010000000                INIT_DATA_START = .
 *(.data)
 .data          0x0000000010000000        0x0 init.o
 .data          0x0000000010000000        0x0 serial.o
 .data          0x0000000010000000        0x4 main.o
                0x0000000010000000                phaseIncrement
 .data          0x0000000010000004        0x0 /Users/jholtom/Projects/gcc-arm-none-eabi-4_9-2015q1/lib/gcc/arm-none-eabi/4.9.3/armv6-m/libgcc.a(_udivsi3.o)
 .data          0x0000000010000004        0x0 /Users/jholtom/Projects/gcc-arm-none-eabi-4_9-2015q1/lib/gcc/arm-none-eabi/4.9.3/armv6-m/libgcc.a(_dvmd_tls.o)
 .data          0x0000000010000004        0x0 /Users/jholtom/Projects/gcc-arm-none-eabi-4_9-2015q1/lib/gcc/arm-none-eabi/4.9.3/armv6-m/libgcc.a(_fixunsdfsi.o)
 .data          0x0000000010000004        0x0 /Users/jholtom/Projects/gcc-arm-none-eabi-4_9-2015q1/lib/gcc/arm-none-eabi/4.9.3/armv6-m/libgcc.a(adddf3.o)
 .data          0x0000000010000004        0x0 /Users/jholtom/Projects/gcc-arm-none-eabi-4_9-2015q1/lib/gcc/arm-none-eabi/4.9.3/armv6-m/libgcc.a(divdf3.o)
 .data          0x0000000010000004        0x0 /Users/jholtom/Projects/gcc-arm-none-eabi-4_9-2015q1/lib/gcc/arm-none-eabi/4.9.3/armv6-m/libgcc.a(muldf3.o)
 .data          0x0000000010000004        0x0 /Users/jholtom/Projects/gcc-arm-none-eabi-4_9-2015q1/lib/gcc/arm-none-eabi/4.9.3/armv6-m/libgcc.a(subdf3.o)
 .data          0x0000000010000004        0x0 /Users/jholtom/Projects/gcc-arm-none-eabi-4_9-2015q1/lib/gcc/arm-none-eabi/4.9.3/armv6-m/libgcc.a(fixdfsi.o)
 .data          0x0000000010000004        0x0 /Users/jholtom/Projects/gcc-arm-none-eabi-4_9-2015q1/lib/gcc/arm-none-eabi/4.9.3/armv6-m/libgcc.a(floatsidf.o)
 .data          0x0000000010000004        0x0 /Users/jholtom/Projects/gcc-arm-none-eabi-4_9-2015q1/lib/gcc/arm-none-eabi/4.9.3/armv6-m/libgcc.a(extendsfdf2.o)
 .data          0x0000000010000004        0x0 /Users/jholtom/Projects/gcc-arm-none-eabi-4_9-2015q1/lib/gcc/arm-none-eabi/4.9.3/armv6-m/libgcc.a(_arm_cmpdf2.o)
 .data          0x0000000010000004        0x0 /Users/jholtom/Projects/gcc-arm-none-eabi-4_9-2015q1/lib/gcc/arm-none-eabi/4.9.3/armv6-m/libgcc.a(_clzsi2.o)
 .data          0x0000000010000004        0x0 /Users/jholtom/Projects/gcc-arm-none-eabi-4_9-2015q1/lib/gcc/arm-none-eabi/4.9.3/armv6-m/libgcc.a(eqdf2.o)
 .data          0x0000000010000004        0x0 /Users/jholtom/Projects/gcc-arm-none-eabi-4_9-2015q1/lib/gcc/arm-none-eabi/4.9.3/armv6-m/libgcc.a(gedf2.o)
 .data          0x0000000010000004        0x0 /Users/jholtom/Projects/gcc-arm-none-eabi-4_9-2015q1/lib/gcc/arm-none-eabi/4.9.3/armv6-m/libgcc.a(ledf2.o)
                0x0000000010000004                INIT_DATA_END = .
                0x0000000010000004                BSS_START = .

.igot.plt       0x0000000010000004        0x0 load address 0x000000000000282c
 .igot.plt      0x0000000000000000        0x0 init.o

.bss            0x0000000010000004      0x11c load address 0x000000000000282c
 *(.bss)
 .bss           0x0000000010000004        0x0 init.o
 .bss           0x0000000010000004        0x0 serial.o
 .bss           0x0000000010000004        0x4 main.o
                0x0000000010000004                cnt
 .bss           0x0000000010000008        0x0 /Users/jholtom/Projects/gcc-arm-none-eabi-4_9-2015q1/lib/gcc/arm-none-eabi/4.9.3/armv6-m/libgcc.a(_udivsi3.o)
 .bss           0x0000000010000008        0x0 /Users/jholtom/Projects/gcc-arm-none-eabi-4_9-2015q1/lib/gcc/arm-none-eabi/4.9.3/armv6-m/libgcc.a(_dvmd_tls.o)
 .bss           0x0000000010000008        0x0 /Users/jholtom/Projects/gcc-arm-none-eabi-4_9-2015q1/lib/gcc/arm-none-eabi/4.9.3/armv6-m/libgcc.a(_fixunsdfsi.o)
 .bss           0x0000000010000008        0x0 /Users/jholtom/Projects/gcc-arm-none-eabi-4_9-2015q1/lib/gcc/arm-none-eabi/4.9.3/armv6-m/libgcc.a(adddf3.o)
 .bss           0x0000000010000008        0x0 /Users/jholtom/Projects/gcc-arm-none-eabi-4_9-2015q1/lib/gcc/arm-none-eabi/4.9.3/armv6-m/libgcc.a(divdf3.o)
 .bss           0x0000000010000008        0x0 /Users/jholtom/Projects/gcc-arm-none-eabi-4_9-2015q1/lib/gcc/arm-none-eabi/4.9.3/armv6-m/libgcc.a(muldf3.o)
 .bss           0x0000000010000008        0x0 /Users/jholtom/Projects/gcc-arm-none-eabi-4_9-2015q1/lib/gcc/arm-none-eabi/4.9.3/armv6-m/libgcc.a(subdf3.o)
 .bss           0x0000000010000008        0x0 /Users/jholtom/Projects/gcc-arm-none-eabi-4_9-2015q1/lib/gcc/arm-none-eabi/4.9.3/armv6-m/libgcc.a(fixdfsi.o)
 .bss           0x0000000010000008        0x0 /Users/jholtom/Projects/gcc-arm-none-eabi-4_9-2015q1/lib/gcc/arm-none-eabi/4.9.3/armv6-m/libgcc.a(floatsidf.o)
 .bss           0x0000000010000008        0x0 /Users/jholtom/Projects/gcc-arm-none-eabi-4_9-2015q1/lib/gcc/arm-none-eabi/4.9.3/armv6-m/libgcc.a(extendsfdf2.o)
 .bss           0x0000000010000008        0x0 /Users/jholtom/Projects/gcc-arm-none-eabi-4_9-2015q1/lib/gcc/arm-none-eabi/4.9.3/armv6-m/libgcc.a(_arm_cmpdf2.o)
 .bss           0x0000000010000008        0x0 /Users/jholtom/Projects/gcc-arm-none-eabi-4_9-2015q1/lib/gcc/arm-none-eabi/4.9.3/armv6-m/libgcc.a(_clzsi2.o)
 .bss           0x0000000010000008        0x0 /Users/jholtom/Projects/gcc-arm-none-eabi-4_9-2015q1/lib/gcc/arm-none-eabi/4.9.3/armv6-m/libgcc.a(eqdf2.o)
 .bss           0x0000000010000008        0x0 /Users/jholtom/Projects/gcc-arm-none-eabi-4_9-2015q1/lib/gcc/arm-none-eabi/4.9.3/armv6-m/libgcc.a(gedf2.o)
 .bss           0x0000000010000008        0x0 /Users/jholtom/Projects/gcc-arm-none-eabi-4_9-2015q1/lib/gcc/arm-none-eabi/4.9.3/armv6-m/libgcc.a(ledf2.o)
 COMMON         0x0000000010000008      0x118 serial.o
                0x0000000010000008                TXBuffer
                0x0000000010000094                RXBuffer
                0x0000000010000120                BSS_END = .
OUTPUT(main.elf elf32-littlearm)

.debug_info     0x0000000000000000      0x665
 .debug_info    0x0000000000000000      0x116 init.o
 .debug_info    0x0000000000000116      0x25f serial.o
 .debug_info    0x0000000000000375      0x2f0 main.o

.debug_abbrev   0x0000000000000000      0x3c1
 .debug_abbrev  0x0000000000000000       0xe8 init.o
 .debug_abbrev  0x00000000000000e8      0x15c serial.o
 .debug_abbrev  0x0000000000000244      0x17d main.o

.debug_aranges  0x0000000000000000       0x60
 .debug_aranges
                0x0000000000000000       0x20 init.o
 .debug_aranges
                0x0000000000000020       0x20 serial.o
 .debug_aranges
                0x0000000000000040       0x20 main.o

.debug_line     0x0000000000000000      0x2d3
 .debug_line    0x0000000000000000       0x53 init.o
 .debug_line    0x0000000000000053       0xa5 serial.o
 .debug_line    0x00000000000000f8      0x1db main.o

.debug_str      0x0000000000000000      0x2c9
 .debug_str     0x0000000000000000      0x12f init.o
                                        0x141 (size before relaxing)
 .debug_str     0x000000000000012f       0xc1 serial.o
                                        0x18c (size before relaxing)
 .debug_str     0x00000000000001f0       0xd9 main.o
                                        0x1e1 (size before relaxing)

.comment        0x0000000000000000       0x70
 .comment       0x0000000000000000       0x70 init.o
                                         0x71 (size before relaxing)
 .comment       0x0000000000000000       0x71 serial.o
 .comment       0x0000000000000000       0x71 main.o

.ARM.attributes
                0x0000000000000000       0x31
 .ARM.attributes
                0x0000000000000000       0x31 init.o
 .ARM.attributes
                0x0000000000000031       0x31 serial.o
 .ARM.attributes
                0x0000000000000062       0x31 main.o
 .ARM.attributes
                0x0000000000000093       0x1e /Users/jholtom/Projects/gcc-arm-none-eabi-4_9-2015q1/lib/gcc/arm-none-eabi/4.9.3/armv6-m/libgcc.a(_udivsi3.o)
 .ARM.attributes
                0x00000000000000b1       0x1e /Users/jholtom/Projects/gcc-arm-none-eabi-4_9-2015q1/lib/gcc/arm-none-eabi/4.9.3/armv6-m/libgcc.a(_dvmd_tls.o)
 .ARM.attributes
                0x00000000000000cf       0x2c /Users/jholtom/Projects/gcc-arm-none-eabi-4_9-2015q1/lib/gcc/arm-none-eabi/4.9.3/armv6-m/libgcc.a(_fixunsdfsi.o)
 .ARM.attributes
                0x00000000000000fb       0x2c /Users/jholtom/Projects/gcc-arm-none-eabi-4_9-2015q1/lib/gcc/arm-none-eabi/4.9.3/armv6-m/libgcc.a(adddf3.o)
 .ARM.attributes
                0x0000000000000127       0x2c /Users/jholtom/Projects/gcc-arm-none-eabi-4_9-2015q1/lib/gcc/arm-none-eabi/4.9.3/armv6-m/libgcc.a(divdf3.o)
 .ARM.attributes
                0x0000000000000153       0x2c /Users/jholtom/Projects/gcc-arm-none-eabi-4_9-2015q1/lib/gcc/arm-none-eabi/4.9.3/armv6-m/libgcc.a(muldf3.o)
 .ARM.attributes
                0x000000000000017f       0x2c /Users/jholtom/Projects/gcc-arm-none-eabi-4_9-2015q1/lib/gcc/arm-none-eabi/4.9.3/armv6-m/libgcc.a(subdf3.o)
 .ARM.attributes
                0x00000000000001ab       0x2c /Users/jholtom/Projects/gcc-arm-none-eabi-4_9-2015q1/lib/gcc/arm-none-eabi/4.9.3/armv6-m/libgcc.a(fixdfsi.o)
 .ARM.attributes
                0x00000000000001d7       0x2c /Users/jholtom/Projects/gcc-arm-none-eabi-4_9-2015q1/lib/gcc/arm-none-eabi/4.9.3/armv6-m/libgcc.a(floatsidf.o)
 .ARM.attributes
                0x0000000000000203       0x2c /Users/jholtom/Projects/gcc-arm-none-eabi-4_9-2015q1/lib/gcc/arm-none-eabi/4.9.3/armv6-m/libgcc.a(extendsfdf2.o)
 .ARM.attributes
                0x000000000000022f       0x1e /Users/jholtom/Projects/gcc-arm-none-eabi-4_9-2015q1/lib/gcc/arm-none-eabi/4.9.3/armv6-m/libgcc.a(_arm_cmpdf2.o)
 .ARM.attributes
                0x000000000000024d       0x1e /Users/jholtom/Projects/gcc-arm-none-eabi-4_9-2015q1/lib/gcc/arm-none-eabi/4.9.3/armv6-m/libgcc.a(_clzsi2.o)
 .ARM.attributes
                0x000000000000026b       0x2c /Users/jholtom/Projects/gcc-arm-none-eabi-4_9-2015q1/lib/gcc/arm-none-eabi/4.9.3/armv6-m/libgcc.a(eqdf2.o)
 .ARM.attributes
                0x0000000000000297       0x2c /Users/jholtom/Projects/gcc-arm-none-eabi-4_9-2015q1/lib/gcc/arm-none-eabi/4.9.3/armv6-m/libgcc.a(gedf2.o)
 .ARM.attributes
                0x00000000000002c3       0x2c /Users/jholtom/Projects/gcc-arm-none-eabi-4_9-2015q1/lib/gcc/arm-none-eabi/4.9.3/armv6-m/libgcc.a(ledf2.o)

.debug_frame    0x0000000000000000      0x550
 .debug_frame   0x0000000000000000       0x68 init.o
 .debug_frame   0x0000000000000068      0x160 serial.o
 .debug_frame   0x00000000000001c8      0x124 main.o
 .debug_frame   0x00000000000002ec       0x20 /Users/jholtom/Projects/gcc-arm-none-eabi-4_9-2015q1/lib/gcc/arm-none-eabi/4.9.3/armv6-m/libgcc.a(_udivsi3.o)
 .debug_frame   0x000000000000030c       0x2c /Users/jholtom/Projects/gcc-arm-none-eabi-4_9-2015q1/lib/gcc/arm-none-eabi/4.9.3/armv6-m/libgcc.a(_fixunsdfsi.o)
 .debug_frame   0x0000000000000338       0x38 /Users/jholtom/Projects/gcc-arm-none-eabi-4_9-2015q1/lib/gcc/arm-none-eabi/4.9.3/armv6-m/libgcc.a(adddf3.o)
 .debug_frame   0x0000000000000370       0x3c /Users/jholtom/Projects/gcc-arm-none-eabi-4_9-2015q1/lib/gcc/arm-none-eabi/4.9.3/armv6-m/libgcc.a(divdf3.o)
 .debug_frame   0x00000000000003ac       0x3c /Users/jholtom/Projects/gcc-arm-none-eabi-4_9-2015q1/lib/gcc/arm-none-eabi/4.9.3/armv6-m/libgcc.a(muldf3.o)
 .debug_frame   0x00000000000003e8       0x3c /Users/jholtom/Projects/gcc-arm-none-eabi-4_9-2015q1/lib/gcc/arm-none-eabi/4.9.3/armv6-m/libgcc.a(subdf3.o)
 .debug_frame   0x0000000000000424       0x2c /Users/jholtom/Projects/gcc-arm-none-eabi-4_9-2015q1/lib/gcc/arm-none-eabi/4.9.3/armv6-m/libgcc.a(fixdfsi.o)
 .debug_frame   0x0000000000000450       0x2c /Users/jholtom/Projects/gcc-arm-none-eabi-4_9-2015q1/lib/gcc/arm-none-eabi/4.9.3/armv6-m/libgcc.a(floatsidf.o)
 .debug_frame   0x000000000000047c       0x2c /Users/jholtom/Projects/gcc-arm-none-eabi-4_9-2015q1/lib/gcc/arm-none-eabi/4.9.3/armv6-m/libgcc.a(extendsfdf2.o)
 .debug_frame   0x00000000000004a8       0x38 /Users/jholtom/Projects/gcc-arm-none-eabi-4_9-2015q1/lib/gcc/arm-none-eabi/4.9.3/armv6-m/libgcc.a(eqdf2.o)
 .debug_frame   0x00000000000004e0       0x38 /Users/jholtom/Projects/gcc-arm-none-eabi-4_9-2015q1/lib/gcc/arm-none-eabi/4.9.3/armv6-m/libgcc.a(gedf2.o)
 .debug_frame   0x0000000000000518       0x38 /Users/jholtom/Projects/gcc-arm-none-eabi-4_9-2015q1/lib/gcc/arm-none-eabi/4.9.3/armv6-m/libgcc.a(ledf2.o)

Cross Reference Table

Symbol                                            File
BSS_END                                           init.o
BSS_START                                         init.o
ConfigPins                                        main.o
Default_Handler                                   init.o
HexDigit                                          serial.o
INIT_DATA_END                                     init.o
INIT_DATA_START                                   init.o
INIT_DATA_VALUES                                  init.o
Output                                            main.o
RXBuffer                                          serial.o
ReadADC                                           main.o
SysTick                                           main.o
                                                  init.o
TXBuffer                                          serial.o
UART_isr                                          serial.o
                                                  init.o
Vectors                                           init.o
__aeabi_cdcmpeq                                   /Users/jholtom/Projects/gcc-arm-none-eabi-4_9-2015q1/lib/gcc/arm-none-eabi/4.9.3/armv6-m/libgcc.a(_arm_cmpdf2.o)
__aeabi_cdcmple                                   /Users/jholtom/Projects/gcc-arm-none-eabi-4_9-2015q1/lib/gcc/arm-none-eabi/4.9.3/armv6-m/libgcc.a(_arm_cmpdf2.o)
__aeabi_cdrcmple                                  /Users/jholtom/Projects/gcc-arm-none-eabi-4_9-2015q1/lib/gcc/arm-none-eabi/4.9.3/armv6-m/libgcc.a(_arm_cmpdf2.o)
__aeabi_d2iz                                      /Users/jholtom/Projects/gcc-arm-none-eabi-4_9-2015q1/lib/gcc/arm-none-eabi/4.9.3/armv6-m/libgcc.a(fixdfsi.o)
                                                  /Users/jholtom/Projects/gcc-arm-none-eabi-4_9-2015q1/lib/gcc/arm-none-eabi/4.9.3/armv6-m/libgcc.a(_fixunsdfsi.o)
__aeabi_d2uiz                                     /Users/jholtom/Projects/gcc-arm-none-eabi-4_9-2015q1/lib/gcc/arm-none-eabi/4.9.3/armv6-m/libgcc.a(_fixunsdfsi.o)
                                                  main.o
__aeabi_dadd                                      /Users/jholtom/Projects/gcc-arm-none-eabi-4_9-2015q1/lib/gcc/arm-none-eabi/4.9.3/armv6-m/libgcc.a(adddf3.o)
                                                  main.o
__aeabi_dcmpeq                                    /Users/jholtom/Projects/gcc-arm-none-eabi-4_9-2015q1/lib/gcc/arm-none-eabi/4.9.3/armv6-m/libgcc.a(_arm_cmpdf2.o)
__aeabi_dcmpge                                    /Users/jholtom/Projects/gcc-arm-none-eabi-4_9-2015q1/lib/gcc/arm-none-eabi/4.9.3/armv6-m/libgcc.a(_arm_cmpdf2.o)
                                                  /Users/jholtom/Projects/gcc-arm-none-eabi-4_9-2015q1/lib/gcc/arm-none-eabi/4.9.3/armv6-m/libgcc.a(_fixunsdfsi.o)
__aeabi_dcmpgt                                    /Users/jholtom/Projects/gcc-arm-none-eabi-4_9-2015q1/lib/gcc/arm-none-eabi/4.9.3/armv6-m/libgcc.a(_arm_cmpdf2.o)
__aeabi_dcmple                                    /Users/jholtom/Projects/gcc-arm-none-eabi-4_9-2015q1/lib/gcc/arm-none-eabi/4.9.3/armv6-m/libgcc.a(_arm_cmpdf2.o)
__aeabi_dcmplt                                    /Users/jholtom/Projects/gcc-arm-none-eabi-4_9-2015q1/lib/gcc/arm-none-eabi/4.9.3/armv6-m/libgcc.a(_arm_cmpdf2.o)
__aeabi_ddiv                                      /Users/jholtom/Projects/gcc-arm-none-eabi-4_9-2015q1/lib/gcc/arm-none-eabi/4.9.3/armv6-m/libgcc.a(divdf3.o)
                                                  main.o
__aeabi_dmul                                      /Users/jholtom/Projects/gcc-arm-none-eabi-4_9-2015q1/lib/gcc/arm-none-eabi/4.9.3/armv6-m/libgcc.a(muldf3.o)
                                                  main.o
__aeabi_dsub                                      /Users/jholtom/Projects/gcc-arm-none-eabi-4_9-2015q1/lib/gcc/arm-none-eabi/4.9.3/armv6-m/libgcc.a(subdf3.o)
                                                  /Users/jholtom/Projects/gcc-arm-none-eabi-4_9-2015q1/lib/gcc/arm-none-eabi/4.9.3/armv6-m/libgcc.a(_fixunsdfsi.o)
                                                  main.o
__aeabi_f2d                                       /Users/jholtom/Projects/gcc-arm-none-eabi-4_9-2015q1/lib/gcc/arm-none-eabi/4.9.3/armv6-m/libgcc.a(extendsfdf2.o)
                                                  main.o
__aeabi_i2d                                       /Users/jholtom/Projects/gcc-arm-none-eabi-4_9-2015q1/lib/gcc/arm-none-eabi/4.9.3/armv6-m/libgcc.a(floatsidf.o)
                                                  main.o
__aeabi_idiv0                                     /Users/jholtom/Projects/gcc-arm-none-eabi-4_9-2015q1/lib/gcc/arm-none-eabi/4.9.3/armv6-m/libgcc.a(_dvmd_tls.o)
                                                  /Users/jholtom/Projects/gcc-arm-none-eabi-4_9-2015q1/lib/gcc/arm-none-eabi/4.9.3/armv6-m/libgcc.a(_udivsi3.o)
__aeabi_ldiv0                                     /Users/jholtom/Projects/gcc-arm-none-eabi-4_9-2015q1/lib/gcc/arm-none-eabi/4.9.3/armv6-m/libgcc.a(_dvmd_tls.o)
__aeabi_uidiv                                     /Users/jholtom/Projects/gcc-arm-none-eabi-4_9-2015q1/lib/gcc/arm-none-eabi/4.9.3/armv6-m/libgcc.a(_udivsi3.o)
                                                  /Users/jholtom/Projects/gcc-arm-none-eabi-4_9-2015q1/lib/gcc/arm-none-eabi/4.9.3/armv6-m/libgcc.a(divdf3.o)
                                                  main.o
__aeabi_uidivmod                                  /Users/jholtom/Projects/gcc-arm-none-eabi-4_9-2015q1/lib/gcc/arm-none-eabi/4.9.3/armv6-m/libgcc.a(_udivsi3.o)
                                                  /Users/jholtom/Projects/gcc-arm-none-eabi-4_9-2015q1/lib/gcc/arm-none-eabi/4.9.3/armv6-m/libgcc.a(divdf3.o)
                                                  main.o
__clzsi2                                          /Users/jholtom/Projects/gcc-arm-none-eabi-4_9-2015q1/lib/gcc/arm-none-eabi/4.9.3/armv6-m/libgcc.a(_clzsi2.o)
                                                  /Users/jholtom/Projects/gcc-arm-none-eabi-4_9-2015q1/lib/gcc/arm-none-eabi/4.9.3/armv6-m/libgcc.a(extendsfdf2.o)
                                                  /Users/jholtom/Projects/gcc-arm-none-eabi-4_9-2015q1/lib/gcc/arm-none-eabi/4.9.3/armv6-m/libgcc.a(floatsidf.o)
                                                  /Users/jholtom/Projects/gcc-arm-none-eabi-4_9-2015q1/lib/gcc/arm-none-eabi/4.9.3/armv6-m/libgcc.a(subdf3.o)
                                                  /Users/jholtom/Projects/gcc-arm-none-eabi-4_9-2015q1/lib/gcc/arm-none-eabi/4.9.3/armv6-m/libgcc.a(muldf3.o)
                                                  /Users/jholtom/Projects/gcc-arm-none-eabi-4_9-2015q1/lib/gcc/arm-none-eabi/4.9.3/armv6-m/libgcc.a(divdf3.o)
                                                  /Users/jholtom/Projects/gcc-arm-none-eabi-4_9-2015q1/lib/gcc/arm-none-eabi/4.9.3/armv6-m/libgcc.a(adddf3.o)
__eqdf2                                           /Users/jholtom/Projects/gcc-arm-none-eabi-4_9-2015q1/lib/gcc/arm-none-eabi/4.9.3/armv6-m/libgcc.a(eqdf2.o)
                                                  /Users/jholtom/Projects/gcc-arm-none-eabi-4_9-2015q1/lib/gcc/arm-none-eabi/4.9.3/armv6-m/libgcc.a(_arm_cmpdf2.o)
__fixunsdfsi                                      /Users/jholtom/Projects/gcc-arm-none-eabi-4_9-2015q1/lib/gcc/arm-none-eabi/4.9.3/armv6-m/libgcc.a(_fixunsdfsi.o)
__gedf2                                           /Users/jholtom/Projects/gcc-arm-none-eabi-4_9-2015q1/lib/gcc/arm-none-eabi/4.9.3/armv6-m/libgcc.a(gedf2.o)
                                                  /Users/jholtom/Projects/gcc-arm-none-eabi-4_9-2015q1/lib/gcc/arm-none-eabi/4.9.3/armv6-m/libgcc.a(_arm_cmpdf2.o)
__gtdf2                                           /Users/jholtom/Projects/gcc-arm-none-eabi-4_9-2015q1/lib/gcc/arm-none-eabi/4.9.3/armv6-m/libgcc.a(gedf2.o)
__ledf2                                           /Users/jholtom/Projects/gcc-arm-none-eabi-4_9-2015q1/lib/gcc/arm-none-eabi/4.9.3/armv6-m/libgcc.a(ledf2.o)
                                                  /Users/jholtom/Projects/gcc-arm-none-eabi-4_9-2015q1/lib/gcc/arm-none-eabi/4.9.3/armv6-m/libgcc.a(_arm_cmpdf2.o)
__ltdf2                                           /Users/jholtom/Projects/gcc-arm-none-eabi-4_9-2015q1/lib/gcc/arm-none-eabi/4.9.3/armv6-m/libgcc.a(ledf2.o)
__nedf2                                           /Users/jholtom/Projects/gcc-arm-none-eabi-4_9-2015q1/lib/gcc/arm-none-eabi/4.9.3/armv6-m/libgcc.a(eqdf2.o)
__udivsi3                                         /Users/jholtom/Projects/gcc-arm-none-eabi-4_9-2015q1/lib/gcc/arm-none-eabi/4.9.3/armv6-m/libgcc.a(_udivsi3.o)
clock_init                                        init.o
cnt                                               main.o
dec_to_str                                        main.o
delay                                             main.o
egetc                                             serial.o
eputc                                             serial.o
getBuf                                            serial.o
init                                              init.o
initSysTick                                       main.o
initUART                                          serial.o
main                                              main.o
                                                  init.o
phaseIncrement                                    main.o
printInteger                                      serial.o
printString                                       serial.o
putBuf                                            serial.o
rx_count                                          serial.o
sine_taylor                                       main.o
tx_count                                          serial.o
