Archive member included because of file (symbol)

/Users/jholtom/Projects/gcc-arm-none-eabi-4_9-2015q1/lib/gcc/arm-none-eabi/4.9.3/armv6-m/libgcc.a(_udivsi3.o)
                              main.o (__aeabi_uidiv)
/Users/jholtom/Projects/gcc-arm-none-eabi-4_9-2015q1/lib/gcc/arm-none-eabi/4.9.3/armv6-m/libgcc.a(_dvmd_tls.o)
                              /Users/jholtom/Projects/gcc-arm-none-eabi-4_9-2015q1/lib/gcc/arm-none-eabi/4.9.3/armv6-m/libgcc.a(_udivsi3.o) (__aeabi_idiv0)
/Users/jholtom/Projects/gcc-arm-none-eabi-4_9-2015q1/lib/gcc/arm-none-eabi/4.9.3/armv6-m/libgcc.a(_fixunsdfsi.o)
                              main.o (__aeabi_d2uiz)
/Users/jholtom/Projects/gcc-arm-none-eabi-4_9-2015q1/lib/gcc/arm-none-eabi/4.9.3/armv6-m/libgcc.a(addsf3.o)
                              main.o (__aeabi_fadd)
/Users/jholtom/Projects/gcc-arm-none-eabi-4_9-2015q1/lib/gcc/arm-none-eabi/4.9.3/armv6-m/libgcc.a(adddf3.o)
                              main.o (__aeabi_dadd)
/Users/jholtom/Projects/gcc-arm-none-eabi-4_9-2015q1/lib/gcc/arm-none-eabi/4.9.3/armv6-m/libgcc.a(divdf3.o)
                              main.o (__aeabi_ddiv)
/Users/jholtom/Projects/gcc-arm-none-eabi-4_9-2015q1/lib/gcc/arm-none-eabi/4.9.3/armv6-m/libgcc.a(muldf3.o)
                              main.o (__aeabi_dmul)
/Users/jholtom/Projects/gcc-arm-none-eabi-4_9-2015q1/lib/gcc/arm-none-eabi/4.9.3/armv6-m/libgcc.a(subdf3.o)
                              main.o (__aeabi_dsub)
/Users/jholtom/Projects/gcc-arm-none-eabi-4_9-2015q1/lib/gcc/arm-none-eabi/4.9.3/armv6-m/libgcc.a(fixdfsi.o)
                              /Users/jholtom/Projects/gcc-arm-none-eabi-4_9-2015q1/lib/gcc/arm-none-eabi/4.9.3/armv6-m/libgcc.a(_fixunsdfsi.o) (__aeabi_d2iz)
/Users/jholtom/Projects/gcc-arm-none-eabi-4_9-2015q1/lib/gcc/arm-none-eabi/4.9.3/armv6-m/libgcc.a(extendsfdf2.o)
                              main.o (__aeabi_f2d)
/Users/jholtom/Projects/gcc-arm-none-eabi-4_9-2015q1/lib/gcc/arm-none-eabi/4.9.3/armv6-m/libgcc.a(_arm_cmpdf2.o)
                              /Users/jholtom/Projects/gcc-arm-none-eabi-4_9-2015q1/lib/gcc/arm-none-eabi/4.9.3/armv6-m/libgcc.a(_fixunsdfsi.o) (__aeabi_dcmpge)
/Users/jholtom/Projects/gcc-arm-none-eabi-4_9-2015q1/lib/gcc/arm-none-eabi/4.9.3/armv6-m/libgcc.a(_clzsi2.o)
                              /Users/jholtom/Projects/gcc-arm-none-eabi-4_9-2015q1/lib/gcc/arm-none-eabi/4.9.3/armv6-m/libgcc.a(addsf3.o) (__clzsi2)
/Users/jholtom/Projects/gcc-arm-none-eabi-4_9-2015q1/lib/gcc/arm-none-eabi/4.9.3/armv6-m/libgcc.a(eqdf2.o)
                              /Users/jholtom/Projects/gcc-arm-none-eabi-4_9-2015q1/lib/gcc/arm-none-eabi/4.9.3/armv6-m/libgcc.a(_arm_cmpdf2.o) (__eqdf2)
/Users/jholtom/Projects/gcc-arm-none-eabi-4_9-2015q1/lib/gcc/arm-none-eabi/4.9.3/armv6-m/libgcc.a(gedf2.o)
                              /Users/jholtom/Projects/gcc-arm-none-eabi-4_9-2015q1/lib/gcc/arm-none-eabi/4.9.3/armv6-m/libgcc.a(_arm_cmpdf2.o) (__gedf2)
/Users/jholtom/Projects/gcc-arm-none-eabi-4_9-2015q1/lib/gcc/arm-none-eabi/4.9.3/armv6-m/libgcc.a(ledf2.o)
                              /Users/jholtom/Projects/gcc-arm-none-eabi-4_9-2015q1/lib/gcc/arm-none-eabi/4.9.3/armv6-m/libgcc.a(_arm_cmpdf2.o) (__ledf2)

Allocating common symbols
Common symbol       size              file

TXBuffer            0x8c              serial.o
RXBuffer            0x8c              serial.o

Memory Configuration

Name             Origin             Length             Attributes
flash            0x0000000000000000 0x0000000000008000
ram              0x0000000010000000 0x0000000000001000
*default*        0x0000000000000000 0xffffffffffffffff

Linker script and memory map

LOAD init.o
LOAD serial.o
LOAD main.o
LOAD /Users/jholtom/Projects/gcc-arm-none-eabi-4_9-2015q1/lib/gcc/arm-none-eabi/4.9.3/armv6-m/libgcc.a
                0x0000000000000000                . = ORIGIN (flash)

.text           0x0000000000000000     0x2a20
 *(.vectors)
 .vectors       0x0000000000000000       0xc0 init.o
                0x0000000000000000                Vectors
 *(.text)
 .text          0x00000000000000c0       0xcc init.o
                0x00000000000000c0                clock_init
                0x000000000000010c                init
                0x0000000000000184                Default_Handler
 .text          0x000000000000018c      0x32c serial.o
                0x000000000000018c                initUART
                0x000000000000027c                UART_isr
                0x00000000000002d4                putBuf
                0x000000000000031c                getBuf
                0x0000000000000370                rx_count
                0x0000000000000384                tx_count
                0x0000000000000398                eputc
                0x00000000000003d8                egetc
                0x00000000000003f0                printString
                0x0000000000000418                HexDigit
                0x0000000000000458                printInteger
 .text          0x00000000000004b8      0x450 main.o
                0x00000000000004b8                delay
                0x00000000000004d4                Output
                0x00000000000004f4                sine_taylor
                0x00000000000006d8                SysTick
                0x00000000000006e0                initSysTick
                0x0000000000000714                dec_to_str
                0x0000000000000798                ConfigPins
                0x0000000000000828                ReadADC
                0x000000000000085c                main
 .text          0x0000000000000908      0x120 /Users/jholtom/Projects/gcc-arm-none-eabi-4_9-2015q1/lib/gcc/arm-none-eabi/4.9.3/armv6-m/libgcc.a(_udivsi3.o)
                0x0000000000000908                __udivsi3
                0x0000000000000908                __aeabi_uidiv
                0x0000000000000a14                __aeabi_uidivmod
 .text          0x0000000000000a28        0x4 /Users/jholtom/Projects/gcc-arm-none-eabi-4_9-2015q1/lib/gcc/arm-none-eabi/4.9.3/armv6-m/libgcc.a(_dvmd_tls.o)
                0x0000000000000a28                __aeabi_ldiv0
                0x0000000000000a28                __aeabi_idiv0
 .text          0x0000000000000a2c       0x3c /Users/jholtom/Projects/gcc-arm-none-eabi-4_9-2015q1/lib/gcc/arm-none-eabi/4.9.3/armv6-m/libgcc.a(_fixunsdfsi.o)
                0x0000000000000a2c                __fixunsdfsi
                0x0000000000000a2c                __aeabi_d2uiz
 .text          0x0000000000000a68      0x2f8 /Users/jholtom/Projects/gcc-arm-none-eabi-4_9-2015q1/lib/gcc/arm-none-eabi/4.9.3/armv6-m/libgcc.a(addsf3.o)
                0x0000000000000a68                __aeabi_fadd
 .text          0x0000000000000d60      0x650 /Users/jholtom/Projects/gcc-arm-none-eabi-4_9-2015q1/lib/gcc/arm-none-eabi/4.9.3/armv6-m/libgcc.a(adddf3.o)
                0x0000000000000d60                __aeabi_dadd
 .text          0x00000000000013b0      0x648 /Users/jholtom/Projects/gcc-arm-none-eabi-4_9-2015q1/lib/gcc/arm-none-eabi/4.9.3/armv6-m/libgcc.a(divdf3.o)
                0x00000000000013b0                __aeabi_ddiv
 .text          0x00000000000019f8      0x534 /Users/jholtom/Projects/gcc-arm-none-eabi-4_9-2015q1/lib/gcc/arm-none-eabi/4.9.3/armv6-m/libgcc.a(muldf3.o)
                0x00000000000019f8                __aeabi_dmul
 .text          0x0000000000001f2c      0x6f4 /Users/jholtom/Projects/gcc-arm-none-eabi-4_9-2015q1/lib/gcc/arm-none-eabi/4.9.3/armv6-m/libgcc.a(subdf3.o)
                0x0000000000001f2c                __aeabi_dsub
 .text          0x0000000000002620       0x6c /Users/jholtom/Projects/gcc-arm-none-eabi-4_9-2015q1/lib/gcc/arm-none-eabi/4.9.3/armv6-m/libgcc.a(fixdfsi.o)
                0x0000000000002620                __aeabi_d2iz
 .text          0x000000000000268c       0xa8 /Users/jholtom/Projects/gcc-arm-none-eabi-4_9-2015q1/lib/gcc/arm-none-eabi/4.9.3/armv6-m/libgcc.a(extendsfdf2.o)
                0x000000000000268c                __aeabi_f2d
 .text          0x0000000000002734       0x7c /Users/jholtom/Projects/gcc-arm-none-eabi-4_9-2015q1/lib/gcc/arm-none-eabi/4.9.3/armv6-m/libgcc.a(_arm_cmpdf2.o)
                0x0000000000002734                __aeabi_cdrcmple
                0x0000000000002744                __aeabi_cdcmple
                0x0000000000002744                __aeabi_cdcmpeq
                0x0000000000002754                __aeabi_dcmpeq
                0x0000000000002760                __aeabi_dcmplt
                0x0000000000002774                __aeabi_dcmple
                0x0000000000002788                __aeabi_dcmpgt
                0x000000000000279c                __aeabi_dcmpge
 .text          0x00000000000027b0       0x3c /Users/jholtom/Projects/gcc-arm-none-eabi-4_9-2015q1/lib/gcc/arm-none-eabi/4.9.3/armv6-m/libgcc.a(_clzsi2.o)
                0x00000000000027b0                __clzsi2
 .text          0x00000000000027ec       0x88 /Users/jholtom/Projects/gcc-arm-none-eabi-4_9-2015q1/lib/gcc/arm-none-eabi/4.9.3/armv6-m/libgcc.a(eqdf2.o)
                0x00000000000027ec                __eqdf2
                0x00000000000027ec                __nedf2
 .text          0x0000000000002874       0xe0 /Users/jholtom/Projects/gcc-arm-none-eabi-4_9-2015q1/lib/gcc/arm-none-eabi/4.9.3/armv6-m/libgcc.a(gedf2.o)
                0x0000000000002874                __gtdf2
                0x0000000000002874                __gedf2
 .text          0x0000000000002954       0xcc /Users/jholtom/Projects/gcc-arm-none-eabi-4_9-2015q1/lib/gcc/arm-none-eabi/4.9.3/armv6-m/libgcc.a(ledf2.o)
                0x0000000000002954                __ltdf2
                0x0000000000002954                __ledf2

.glue_7         0x0000000000002a20        0x0
 .glue_7        0x0000000000000000        0x0 linker stubs

.glue_7t        0x0000000000002a20        0x0
 .glue_7t       0x0000000000000000        0x0 linker stubs

.vfp11_veneer   0x0000000000002a20        0x0
 .vfp11_veneer  0x0000000000000000        0x0 linker stubs

.v4_bx          0x0000000000002a20        0x0
 .v4_bx         0x0000000000000000        0x0 linker stubs

.iplt           0x0000000000002a20        0x0
 .iplt          0x0000000000000000        0x0 init.o

.rel.dyn        0x0000000000002a20        0x0
 .rel.iplt      0x0000000000000000        0x0 init.o

.rodata         0x0000000000002a20       0x80
 .rodata        0x0000000000002a20       0x40 /Users/jholtom/Projects/gcc-arm-none-eabi-4_9-2015q1/lib/gcc/arm-none-eabi/4.9.3/armv6-m/libgcc.a(divdf3.o)
 .rodata        0x0000000000002a60       0x40 /Users/jholtom/Projects/gcc-arm-none-eabi-4_9-2015q1/lib/gcc/arm-none-eabi/4.9.3/armv6-m/libgcc.a(muldf3.o)
                0x0000000010000000                . = ORIGIN (ram)

.data           0x0000000010000000        0x4 load address 0x0000000000002aa0
                0x0000000000002aa0                INIT_DATA_VALUES = LOADADDR (.data)
                0x0000000010000000                INIT_DATA_START = .
 *(.data)
 .data          0x0000000010000000        0x0 init.o
 .data          0x0000000010000000        0x0 serial.o
 .data          0x0000000010000000        0x4 main.o
                0x0000000010000000                phaseIncrement
 .data          0x0000000010000004        0x0 /Users/jholtom/Projects/gcc-arm-none-eabi-4_9-2015q1/lib/gcc/arm-none-eabi/4.9.3/armv6-m/libgcc.a(_udivsi3.o)
 .data          0x0000000010000004        0x0 /Users/jholtom/Projects/gcc-arm-none-eabi-4_9-2015q1/lib/gcc/arm-none-eabi/4.9.3/armv6-m/libgcc.a(_dvmd_tls.o)
 .data          0x0000000010000004        0x0 /Users/jholtom/Projects/gcc-arm-none-eabi-4_9-2015q1/lib/gcc/arm-none-eabi/4.9.3/armv6-m/libgcc.a(_fixunsdfsi.o)
 .data          0x0000000010000004        0x0 /Users/jholtom/Projects/gcc-arm-none-eabi-4_9-2015q1/lib/gcc/arm-none-eabi/4.9.3/armv6-m/libgcc.a(addsf3.o)
 .data          0x0000000010000004        0x0 /Users/jholtom/Projects/gcc-arm-none-eabi-4_9-2015q1/lib/gcc/arm-none-eabi/4.9.3/armv6-m/libgcc.a(adddf3.o)
 .data          0x0000000010000004        0x0 /Users/jholtom/Projects/gcc-arm-none-eabi-4_9-2015q1/lib/gcc/arm-none-eabi/4.9.3/armv6-m/libgcc.a(divdf3.o)
 .data          0x0000000010000004        0x0 /Users/jholtom/Projects/gcc-arm-none-eabi-4_9-2015q1/lib/gcc/arm-none-eabi/4.9.3/armv6-m/libgcc.a(muldf3.o)
 .data          0x0000000010000004        0x0 /Users/jholtom/Projects/gcc-arm-none-eabi-4_9-2015q1/lib/gcc/arm-none-eabi/4.9.3/armv6-m/libgcc.a(subdf3.o)
 .data          0x0000000010000004        0x0 /Users/jholtom/Projects/gcc-arm-none-eabi-4_9-2015q1/lib/gcc/arm-none-eabi/4.9.3/armv6-m/libgcc.a(fixdfsi.o)
 .data          0x0000000010000004        0x0 /Users/jholtom/Projects/gcc-arm-none-eabi-4_9-2015q1/lib/gcc/arm-none-eabi/4.9.3/armv6-m/libgcc.a(extendsfdf2.o)
 .data          0x0000000010000004        0x0 /Users/jholtom/Projects/gcc-arm-none-eabi-4_9-2015q1/lib/gcc/arm-none-eabi/4.9.3/armv6-m/libgcc.a(_arm_cmpdf2.o)
 .data          0x0000000010000004        0x0 /Users/jholtom/Projects/gcc-arm-none-eabi-4_9-2015q1/lib/gcc/arm-none-eabi/4.9.3/armv6-m/libgcc.a(_clzsi2.o)
 .data          0x0000000010000004        0x0 /Users/jholtom/Projects/gcc-arm-none-eabi-4_9-2015q1/lib/gcc/arm-none-eabi/4.9.3/armv6-m/libgcc.a(eqdf2.o)
 .data          0x0000000010000004        0x0 /Users/jholtom/Projects/gcc-arm-none-eabi-4_9-2015q1/lib/gcc/arm-none-eabi/4.9.3/armv6-m/libgcc.a(gedf2.o)
 .data          0x0000000010000004        0x0 /Users/jholtom/Projects/gcc-arm-none-eabi-4_9-2015q1/lib/gcc/arm-none-eabi/4.9.3/armv6-m/libgcc.a(ledf2.o)
                0x0000000010000004                INIT_DATA_END = .
                0x0000000010000004                BSS_START = .

.igot.plt       0x0000000010000004        0x0 load address 0x0000000000002aa4
 .igot.plt      0x0000000000000000        0x0 init.o

.bss            0x0000000010000004      0x11c load address 0x0000000000002aa4
 *(.bss)
 .bss           0x0000000010000004        0x0 init.o
 .bss           0x0000000010000004        0x0 serial.o
 .bss           0x0000000010000004        0x4 main.o
                0x0000000010000004                cnt
 .bss           0x0000000010000008        0x0 /Users/jholtom/Projects/gcc-arm-none-eabi-4_9-2015q1/lib/gcc/arm-none-eabi/4.9.3/armv6-m/libgcc.a(_udivsi3.o)
 .bss           0x0000000010000008        0x0 /Users/jholtom/Projects/gcc-arm-none-eabi-4_9-2015q1/lib/gcc/arm-none-eabi/4.9.3/armv6-m/libgcc.a(_dvmd_tls.o)
 .bss           0x0000000010000008        0x0 /Users/jholtom/Projects/gcc-arm-none-eabi-4_9-2015q1/lib/gcc/arm-none-eabi/4.9.3/armv6-m/libgcc.a(_fixunsdfsi.o)
 .bss           0x0000000010000008        0x0 /Users/jholtom/Projects/gcc-arm-none-eabi-4_9-2015q1/lib/gcc/arm-none-eabi/4.9.3/armv6-m/libgcc.a(addsf3.o)
 .bss           0x0000000010000008        0x0 /Users/jholtom/Projects/gcc-arm-none-eabi-4_9-2015q1/lib/gcc/arm-none-eabi/4.9.3/armv6-m/libgcc.a(adddf3.o)
 .bss           0x0000000010000008        0x0 /Users/jholtom/Projects/gcc-arm-none-eabi-4_9-2015q1/lib/gcc/arm-none-eabi/4.9.3/armv6-m/libgcc.a(divdf3.o)
 .bss           0x0000000010000008        0x0 /Users/jholtom/Projects/gcc-arm-none-eabi-4_9-2015q1/lib/gcc/arm-none-eabi/4.9.3/armv6-m/libgcc.a(muldf3.o)
 .bss           0x0000000010000008        0x0 /Users/jholtom/Projects/gcc-arm-none-eabi-4_9-2015q1/lib/gcc/arm-none-eabi/4.9.3/armv6-m/libgcc.a(subdf3.o)
 .bss           0x0000000010000008        0x0 /Users/jholtom/Projects/gcc-arm-none-eabi-4_9-2015q1/lib/gcc/arm-none-eabi/4.9.3/armv6-m/libgcc.a(fixdfsi.o)
 .bss           0x0000000010000008        0x0 /Users/jholtom/Projects/gcc-arm-none-eabi-4_9-2015q1/lib/gcc/arm-none-eabi/4.9.3/armv6-m/libgcc.a(extendsfdf2.o)
 .bss           0x0000000010000008        0x0 /Users/jholtom/Projects/gcc-arm-none-eabi-4_9-2015q1/lib/gcc/arm-none-eabi/4.9.3/armv6-m/libgcc.a(_arm_cmpdf2.o)
 .bss           0x0000000010000008        0x0 /Users/jholtom/Projects/gcc-arm-none-eabi-4_9-2015q1/lib/gcc/arm-none-eabi/4.9.3/armv6-m/libgcc.a(_clzsi2.o)
 .bss           0x0000000010000008        0x0 /Users/jholtom/Projects/gcc-arm-none-eabi-4_9-2015q1/lib/gcc/arm-none-eabi/4.9.3/armv6-m/libgcc.a(eqdf2.o)
 .bss           0x0000000010000008        0x0 /Users/jholtom/Projects/gcc-arm-none-eabi-4_9-2015q1/lib/gcc/arm-none-eabi/4.9.3/armv6-m/libgcc.a(gedf2.o)
 .bss           0x0000000010000008        0x0 /Users/jholtom/Projects/gcc-arm-none-eabi-4_9-2015q1/lib/gcc/arm-none-eabi/4.9.3/armv6-m/libgcc.a(ledf2.o)
 COMMON         0x0000000010000008      0x118 serial.o
                0x0000000010000008                TXBuffer
                0x0000000010000094                RXBuffer
                0x0000000010000120                BSS_END = .
OUTPUT(main.elf elf32-littlearm)

.debug_info     0x0000000000000000      0x670
 .debug_info    0x0000000000000000      0x116 init.o
 .debug_info    0x0000000000000116      0x25f serial.o
 .debug_info    0x0000000000000375      0x2fb main.o

.debug_abbrev   0x0000000000000000      0x3ad
 .debug_abbrev  0x0000000000000000       0xe8 init.o
 .debug_abbrev  0x00000000000000e8      0x15c serial.o
 .debug_abbrev  0x0000000000000244      0x169 main.o

.debug_aranges  0x0000000000000000       0x60
 .debug_aranges
                0x0000000000000000       0x20 init.o
 .debug_aranges
                0x0000000000000020       0x20 serial.o
 .debug_aranges
                0x0000000000000040       0x20 main.o

.debug_line     0x0000000000000000      0x2cb
 .debug_line    0x0000000000000000       0x53 init.o
 .debug_line    0x0000000000000053       0xa5 serial.o
 .debug_line    0x00000000000000f8      0x1d3 main.o

.debug_str      0x0000000000000000      0x2ce
 .debug_str     0x0000000000000000      0x12f init.o
                                        0x141 (size before relaxing)
 .debug_str     0x000000000000012f       0xc1 serial.o
                                        0x18c (size before relaxing)
 .debug_str     0x00000000000001f0       0xde main.o
                                        0x1e6 (size before relaxing)

.comment        0x0000000000000000       0x70
 .comment       0x0000000000000000       0x70 init.o
                                         0x71 (size before relaxing)
 .comment       0x0000000000000000       0x71 serial.o
 .comment       0x0000000000000000       0x71 main.o

.ARM.attributes
                0x0000000000000000       0x31
 .ARM.attributes
                0x0000000000000000       0x31 init.o
 .ARM.attributes
                0x0000000000000031       0x31 serial.o
 .ARM.attributes
                0x0000000000000062       0x31 main.o
 .ARM.attributes
                0x0000000000000093       0x1e /Users/jholtom/Projects/gcc-arm-none-eabi-4_9-2015q1/lib/gcc/arm-none-eabi/4.9.3/armv6-m/libgcc.a(_udivsi3.o)
 .ARM.attributes
                0x00000000000000b1       0x1e /Users/jholtom/Projects/gcc-arm-none-eabi-4_9-2015q1/lib/gcc/arm-none-eabi/4.9.3/armv6-m/libgcc.a(_dvmd_tls.o)
 .ARM.attributes
                0x00000000000000cf       0x2c /Users/jholtom/Projects/gcc-arm-none-eabi-4_9-2015q1/lib/gcc/arm-none-eabi/4.9.3/armv6-m/libgcc.a(_fixunsdfsi.o)
 .ARM.attributes
                0x00000000000000fb       0x2c /Users/jholtom/Projects/gcc-arm-none-eabi-4_9-2015q1/lib/gcc/arm-none-eabi/4.9.3/armv6-m/libgcc.a(addsf3.o)
 .ARM.attributes
                0x0000000000000127       0x2c /Users/jholtom/Projects/gcc-arm-none-eabi-4_9-2015q1/lib/gcc/arm-none-eabi/4.9.3/armv6-m/libgcc.a(adddf3.o)
 .ARM.attributes
                0x0000000000000153       0x2c /Users/jholtom/Projects/gcc-arm-none-eabi-4_9-2015q1/lib/gcc/arm-none-eabi/4.9.3/armv6-m/libgcc.a(divdf3.o)
 .ARM.attributes
                0x000000000000017f       0x2c /Users/jholtom/Projects/gcc-arm-none-eabi-4_9-2015q1/lib/gcc/arm-none-eabi/4.9.3/armv6-m/libgcc.a(muldf3.o)
 .ARM.attributes
                0x00000000000001ab       0x2c /Users/jholtom/Projects/gcc-arm-none-eabi-4_9-2015q1/lib/gcc/arm-none-eabi/4.9.3/armv6-m/libgcc.a(subdf3.o)
 .ARM.attributes
                0x00000000000001d7       0x2c /Users/jholtom/Projects/gcc-arm-none-eabi-4_9-2015q1/lib/gcc/arm-none-eabi/4.9.3/armv6-m/libgcc.a(fixdfsi.o)
 .ARM.attributes
                0x0000000000000203       0x2c /Users/jholtom/Projects/gcc-arm-none-eabi-4_9-2015q1/lib/gcc/arm-none-eabi/4.9.3/armv6-m/libgcc.a(extendsfdf2.o)
 .ARM.attributes
                0x000000000000022f       0x1e /Users/jholtom/Projects/gcc-arm-none-eabi-4_9-2015q1/lib/gcc/arm-none-eabi/4.9.3/armv6-m/libgcc.a(_arm_cmpdf2.o)
 .ARM.attributes
                0x000000000000024d       0x1e /Users/jholtom/Projects/gcc-arm-none-eabi-4_9-2015q1/lib/gcc/arm-none-eabi/4.9.3/armv6-m/libgcc.a(_clzsi2.o)
 .ARM.attributes
                0x000000000000026b       0x2c /Users/jholtom/Projects/gcc-arm-none-eabi-4_9-2015q1/lib/gcc/arm-none-eabi/4.9.3/armv6-m/libgcc.a(eqdf2.o)
 .ARM.attributes
                0x0000000000000297       0x2c /Users/jholtom/Projects/gcc-arm-none-eabi-4_9-2015q1/lib/gcc/arm-none-eabi/4.9.3/armv6-m/libgcc.a(gedf2.o)
 .ARM.attributes
                0x00000000000002c3       0x2c /Users/jholtom/Projects/gcc-arm-none-eabi-4_9-2015q1/lib/gcc/arm-none-eabi/4.9.3/armv6-m/libgcc.a(ledf2.o)

.debug_frame    0x0000000000000000      0x550
 .debug_frame   0x0000000000000000       0x68 init.o
 .debug_frame   0x0000000000000068      0x160 serial.o
 .debug_frame   0x00000000000001c8      0x120 main.o
 .debug_frame   0x00000000000002e8       0x20 /Users/jholtom/Projects/gcc-arm-none-eabi-4_9-2015q1/lib/gcc/arm-none-eabi/4.9.3/armv6-m/libgcc.a(_udivsi3.o)
 .debug_frame   0x0000000000000308       0x2c /Users/jholtom/Projects/gcc-arm-none-eabi-4_9-2015q1/lib/gcc/arm-none-eabi/4.9.3/armv6-m/libgcc.a(_fixunsdfsi.o)
 .debug_frame   0x0000000000000334       0x30 /Users/jholtom/Projects/gcc-arm-none-eabi-4_9-2015q1/lib/gcc/arm-none-eabi/4.9.3/armv6-m/libgcc.a(addsf3.o)
 .debug_frame   0x0000000000000364       0x38 /Users/jholtom/Projects/gcc-arm-none-eabi-4_9-2015q1/lib/gcc/arm-none-eabi/4.9.3/armv6-m/libgcc.a(adddf3.o)
 .debug_frame   0x000000000000039c       0x3c /Users/jholtom/Projects/gcc-arm-none-eabi-4_9-2015q1/lib/gcc/arm-none-eabi/4.9.3/armv6-m/libgcc.a(divdf3.o)
 .debug_frame   0x00000000000003d8       0x3c /Users/jholtom/Projects/gcc-arm-none-eabi-4_9-2015q1/lib/gcc/arm-none-eabi/4.9.3/armv6-m/libgcc.a(muldf3.o)
 .debug_frame   0x0000000000000414       0x3c /Users/jholtom/Projects/gcc-arm-none-eabi-4_9-2015q1/lib/gcc/arm-none-eabi/4.9.3/armv6-m/libgcc.a(subdf3.o)
 .debug_frame   0x0000000000000450       0x2c /Users/jholtom/Projects/gcc-arm-none-eabi-4_9-2015q1/lib/gcc/arm-none-eabi/4.9.3/armv6-m/libgcc.a(fixdfsi.o)
 .debug_frame   0x000000000000047c       0x2c /Users/jholtom/Projects/gcc-arm-none-eabi-4_9-2015q1/lib/gcc/arm-none-eabi/4.9.3/armv6-m/libgcc.a(extendsfdf2.o)
 .debug_frame   0x00000000000004a8       0x38 /Users/jholtom/Projects/gcc-arm-none-eabi-4_9-2015q1/lib/gcc/arm-none-eabi/4.9.3/armv6-m/libgcc.a(eqdf2.o)
 .debug_frame   0x00000000000004e0       0x38 /Users/jholtom/Projects/gcc-arm-none-eabi-4_9-2015q1/lib/gcc/arm-none-eabi/4.9.3/armv6-m/libgcc.a(gedf2.o)
 .debug_frame   0x0000000000000518       0x38 /Users/jholtom/Projects/gcc-arm-none-eabi-4_9-2015q1/lib/gcc/arm-none-eabi/4.9.3/armv6-m/libgcc.a(ledf2.o)

Cross Reference Table

Symbol                                            File
BSS_END                                           init.o
BSS_START                                         init.o
ConfigPins                                        main.o
Default_Handler                                   init.o
HexDigit                                          serial.o
INIT_DATA_END                                     init.o
INIT_DATA_START                                   init.o
INIT_DATA_VALUES                                  init.o
Output                                            main.o
RXBuffer                                          serial.o
ReadADC                                           main.o
SysTick                                           main.o
                                                  init.o
TXBuffer                                          serial.o
UART_isr                                          serial.o
                                                  init.o
Vectors                                           init.o
__aeabi_cdcmpeq                                   /Users/jholtom/Projects/gcc-arm-none-eabi-4_9-2015q1/lib/gcc/arm-none-eabi/4.9.3/armv6-m/libgcc.a(_arm_cmpdf2.o)
__aeabi_cdcmple                                   /Users/jholtom/Projects/gcc-arm-none-eabi-4_9-2015q1/lib/gcc/arm-none-eabi/4.9.3/armv6-m/libgcc.a(_arm_cmpdf2.o)
__aeabi_cdrcmple                                  /Users/jholtom/Projects/gcc-arm-none-eabi-4_9-2015q1/lib/gcc/arm-none-eabi/4.9.3/armv6-m/libgcc.a(_arm_cmpdf2.o)
__aeabi_d2iz                                      /Users/jholtom/Projects/gcc-arm-none-eabi-4_9-2015q1/lib/gcc/arm-none-eabi/4.9.3/armv6-m/libgcc.a(fixdfsi.o)
                                                  /Users/jholtom/Projects/gcc-arm-none-eabi-4_9-2015q1/lib/gcc/arm-none-eabi/4.9.3/armv6-m/libgcc.a(_fixunsdfsi.o)
__aeabi_d2uiz                                     /Users/jholtom/Projects/gcc-arm-none-eabi-4_9-2015q1/lib/gcc/arm-none-eabi/4.9.3/armv6-m/libgcc.a(_fixunsdfsi.o)
                                                  main.o
__aeabi_dadd                                      /Users/jholtom/Projects/gcc-arm-none-eabi-4_9-2015q1/lib/gcc/arm-none-eabi/4.9.3/armv6-m/libgcc.a(adddf3.o)
                                                  main.o
__aeabi_dcmpeq                                    /Users/jholtom/Projects/gcc-arm-none-eabi-4_9-2015q1/lib/gcc/arm-none-eabi/4.9.3/armv6-m/libgcc.a(_arm_cmpdf2.o)
__aeabi_dcmpge                                    /Users/jholtom/Projects/gcc-arm-none-eabi-4_9-2015q1/lib/gcc/arm-none-eabi/4.9.3/armv6-m/libgcc.a(_arm_cmpdf2.o)
                                                  /Users/jholtom/Projects/gcc-arm-none-eabi-4_9-2015q1/lib/gcc/arm-none-eabi/4.9.3/armv6-m/libgcc.a(_fixunsdfsi.o)
__aeabi_dcmpgt                                    /Users/jholtom/Projects/gcc-arm-none-eabi-4_9-2015q1/lib/gcc/arm-none-eabi/4.9.3/armv6-m/libgcc.a(_arm_cmpdf2.o)
__aeabi_dcmple                                    /Users/jholtom/Projects/gcc-arm-none-eabi-4_9-2015q1/lib/gcc/arm-none-eabi/4.9.3/armv6-m/libgcc.a(_arm_cmpdf2.o)
__aeabi_dcmplt                                    /Users/jholtom/Projects/gcc-arm-none-eabi-4_9-2015q1/lib/gcc/arm-none-eabi/4.9.3/armv6-m/libgcc.a(_arm_cmpdf2.o)
__aeabi_ddiv                                      /Users/jholtom/Projects/gcc-arm-none-eabi-4_9-2015q1/lib/gcc/arm-none-eabi/4.9.3/armv6-m/libgcc.a(divdf3.o)
                                                  main.o
__aeabi_dmul                                      /Users/jholtom/Projects/gcc-arm-none-eabi-4_9-2015q1/lib/gcc/arm-none-eabi/4.9.3/armv6-m/libgcc.a(muldf3.o)
                                                  main.o
__aeabi_dsub                                      /Users/jholtom/Projects/gcc-arm-none-eabi-4_9-2015q1/lib/gcc/arm-none-eabi/4.9.3/armv6-m/libgcc.a(subdf3.o)
                                                  /Users/jholtom/Projects/gcc-arm-none-eabi-4_9-2015q1/lib/gcc/arm-none-eabi/4.9.3/armv6-m/libgcc.a(_fixunsdfsi.o)
                                                  main.o
__aeabi_f2d                                       /Users/jholtom/Projects/gcc-arm-none-eabi-4_9-2015q1/lib/gcc/arm-none-eabi/4.9.3/armv6-m/libgcc.a(extendsfdf2.o)
                                                  main.o
__aeabi_fadd                                      /Users/jholtom/Projects/gcc-arm-none-eabi-4_9-2015q1/lib/gcc/arm-none-eabi/4.9.3/armv6-m/libgcc.a(addsf3.o)
                                                  main.o
__aeabi_idiv0                                     /Users/jholtom/Projects/gcc-arm-none-eabi-4_9-2015q1/lib/gcc/arm-none-eabi/4.9.3/armv6-m/libgcc.a(_dvmd_tls.o)
                                                  /Users/jholtom/Projects/gcc-arm-none-eabi-4_9-2015q1/lib/gcc/arm-none-eabi/4.9.3/armv6-m/libgcc.a(_udivsi3.o)
__aeabi_ldiv0                                     /Users/jholtom/Projects/gcc-arm-none-eabi-4_9-2015q1/lib/gcc/arm-none-eabi/4.9.3/armv6-m/libgcc.a(_dvmd_tls.o)
__aeabi_uidiv                                     /Users/jholtom/Projects/gcc-arm-none-eabi-4_9-2015q1/lib/gcc/arm-none-eabi/4.9.3/armv6-m/libgcc.a(_udivsi3.o)
                                                  /Users/jholtom/Projects/gcc-arm-none-eabi-4_9-2015q1/lib/gcc/arm-none-eabi/4.9.3/armv6-m/libgcc.a(divdf3.o)
                                                  main.o
__aeabi_uidivmod                                  /Users/jholtom/Projects/gcc-arm-none-eabi-4_9-2015q1/lib/gcc/arm-none-eabi/4.9.3/armv6-m/libgcc.a(_udivsi3.o)
                                                  /Users/jholtom/Projects/gcc-arm-none-eabi-4_9-2015q1/lib/gcc/arm-none-eabi/4.9.3/armv6-m/libgcc.a(divdf3.o)
                                                  main.o
__clzsi2                                          /Users/jholtom/Projects/gcc-arm-none-eabi-4_9-2015q1/lib/gcc/arm-none-eabi/4.9.3/armv6-m/libgcc.a(_clzsi2.o)
                                                  /Users/jholtom/Projects/gcc-arm-none-eabi-4_9-2015q1/lib/gcc/arm-none-eabi/4.9.3/armv6-m/libgcc.a(extendsfdf2.o)
                                                  /Users/jholtom/Projects/gcc-arm-none-eabi-4_9-2015q1/lib/gcc/arm-none-eabi/4.9.3/armv6-m/libgcc.a(subdf3.o)
                                                  /Users/jholtom/Projects/gcc-arm-none-eabi-4_9-2015q1/lib/gcc/arm-none-eabi/4.9.3/armv6-m/libgcc.a(muldf3.o)
                                                  /Users/jholtom/Projects/gcc-arm-none-eabi-4_9-2015q1/lib/gcc/arm-none-eabi/4.9.3/armv6-m/libgcc.a(divdf3.o)
                                                  /Users/jholtom/Projects/gcc-arm-none-eabi-4_9-2015q1/lib/gcc/arm-none-eabi/4.9.3/armv6-m/libgcc.a(adddf3.o)
                                                  /Users/jholtom/Projects/gcc-arm-none-eabi-4_9-2015q1/lib/gcc/arm-none-eabi/4.9.3/armv6-m/libgcc.a(addsf3.o)
__eqdf2                                           /Users/jholtom/Projects/gcc-arm-none-eabi-4_9-2015q1/lib/gcc/arm-none-eabi/4.9.3/armv6-m/libgcc.a(eqdf2.o)
                                                  /Users/jholtom/Projects/gcc-arm-none-eabi-4_9-2015q1/lib/gcc/arm-none-eabi/4.9.3/armv6-m/libgcc.a(_arm_cmpdf2.o)
__fixunsdfsi                                      /Users/jholtom/Projects/gcc-arm-none-eabi-4_9-2015q1/lib/gcc/arm-none-eabi/4.9.3/armv6-m/libgcc.a(_fixunsdfsi.o)
__gedf2                                           /Users/jholtom/Projects/gcc-arm-none-eabi-4_9-2015q1/lib/gcc/arm-none-eabi/4.9.3/armv6-m/libgcc.a(gedf2.o)
                                                  /Users/jholtom/Projects/gcc-arm-none-eabi-4_9-2015q1/lib/gcc/arm-none-eabi/4.9.3/armv6-m/libgcc.a(_arm_cmpdf2.o)
__gtdf2                                           /Users/jholtom/Projects/gcc-arm-none-eabi-4_9-2015q1/lib/gcc/arm-none-eabi/4.9.3/armv6-m/libgcc.a(gedf2.o)
__ledf2                                           /Users/jholtom/Projects/gcc-arm-none-eabi-4_9-2015q1/lib/gcc/arm-none-eabi/4.9.3/armv6-m/libgcc.a(ledf2.o)
                                                  /Users/jholtom/Projects/gcc-arm-none-eabi-4_9-2015q1/lib/gcc/arm-none-eabi/4.9.3/armv6-m/libgcc.a(_arm_cmpdf2.o)
__ltdf2                                           /Users/jholtom/Projects/gcc-arm-none-eabi-4_9-2015q1/lib/gcc/arm-none-eabi/4.9.3/armv6-m/libgcc.a(ledf2.o)
__nedf2                                           /Users/jholtom/Projects/gcc-arm-none-eabi-4_9-2015q1/lib/gcc/arm-none-eabi/4.9.3/armv6-m/libgcc.a(eqdf2.o)
__udivsi3                                         /Users/jholtom/Projects/gcc-arm-none-eabi-4_9-2015q1/lib/gcc/arm-none-eabi/4.9.3/armv6-m/libgcc.a(_udivsi3.o)
clock_init                                        init.o
cnt                                               main.o
dec_to_str                                        main.o
delay                                             main.o
egetc                                             serial.o
eputc                                             serial.o
getBuf                                            serial.o
init                                              init.o
initSysTick                                       main.o
initUART                                          serial.o
main                                              main.o
                                                  init.o
phaseIncrement                                    main.o
printInteger                                      serial.o
printString                                       serial.o
putBuf                                            serial.o
rx_count                                          serial.o
sine_taylor                                       main.o
tx_count                                          serial.o
