
Memory Configuration

Name             Origin             Length             Attributes
flash            0x0000000000000000 0x0000000000008000
ram              0x0000000010000000 0x0000000000001000
*default*        0x0000000000000000 0xffffffffffffffff

Linker script and memory map

LOAD init.o
LOAD main.o
LOAD /Users/jholtom/Projects/gcc-arm-none-eabi-4_9-2015q1/lib/gcc/arm-none-eabi/4.9.3/armv6-m/libgcc.a
                0x0000000000000000                . = ORIGIN (flash)

.text           0x0000000000000000      0x354
 *(.vectors)
 .vectors       0x0000000000000000       0xbc init.o
                0x0000000000000000                Vectors
 *(.text)
 .text          0x00000000000000bc       0xcc init.o
                0x00000000000000bc                clock_init
                0x0000000000000108                init
                0x0000000000000180                Default_Handler
 .text          0x0000000000000188      0x1cc main.o
                0x0000000000000188                delay
                0x00000000000001a4                ConfigPins
                0x0000000000000264                ReadADC
                0x000000000000029c                Output
                0x0000000000000338                main

.glue_7         0x0000000000000354        0x0
 .glue_7        0x0000000000000000        0x0 linker stubs

.glue_7t        0x0000000000000354        0x0
 .glue_7t       0x0000000000000000        0x0 linker stubs

.vfp11_veneer   0x0000000000000354        0x0
 .vfp11_veneer  0x0000000000000000        0x0 linker stubs

.v4_bx          0x0000000000000354        0x0
 .v4_bx         0x0000000000000000        0x0 linker stubs

.iplt           0x0000000000000354        0x0
 .iplt          0x0000000000000000        0x0 init.o

.rel.dyn        0x0000000000000354        0x0
 .rel.iplt      0x0000000000000000        0x0 init.o
                0x0000000010000000                . = ORIGIN (ram)

.data           0x0000000010000000        0x0 load address 0x0000000000000354
                0x0000000000000354                INIT_DATA_VALUES = LOADADDR (.data)
                0x0000000010000000                INIT_DATA_START = .
 *(.data)
 .data          0x0000000010000000        0x0 init.o
 .data          0x0000000010000000        0x0 main.o
                0x0000000010000000                INIT_DATA_END = .
                0x0000000010000000                BSS_START = .

.igot.plt       0x0000000010000000        0x0 load address 0x0000000000000354
 .igot.plt      0x0000000000000000        0x0 init.o

.bss            0x0000000010000000        0x0 load address 0x0000000000000354
 *(.bss)
 .bss           0x0000000010000000        0x0 init.o
 .bss           0x0000000010000000        0x0 main.o
                0x0000000010000000                BSS_END = .
OUTPUT(main.elf elf32-littlearm)

.debug_info     0x0000000000000000      0x1c6
 .debug_info    0x0000000000000000      0x116 init.o
 .debug_info    0x0000000000000116       0xb0 main.o

.debug_abbrev   0x0000000000000000      0x185
 .debug_abbrev  0x0000000000000000       0xe8 init.o
 .debug_abbrev  0x00000000000000e8       0x9d main.o

.debug_aranges  0x0000000000000000       0x40
 .debug_aranges
                0x0000000000000000       0x20 init.o
 .debug_aranges
                0x0000000000000020       0x20 main.o

.debug_line     0x0000000000000000       0xbc
 .debug_line    0x0000000000000000       0x53 init.o
 .debug_line    0x0000000000000053       0x69 main.o

.debug_str      0x0000000000000000      0x168
 .debug_str     0x0000000000000000      0x13c init.o
                                        0x141 (size before relaxing)
 .debug_str     0x000000000000013c       0x2c main.o
                                         0xd4 (size before relaxing)

.comment        0x0000000000000000       0x70
 .comment       0x0000000000000000       0x70 init.o
                                         0x71 (size before relaxing)
 .comment       0x0000000000000000       0x71 main.o

.ARM.attributes
                0x0000000000000000       0x31
 .ARM.attributes
                0x0000000000000000       0x31 init.o
 .ARM.attributes
                0x0000000000000031       0x31 main.o

.debug_frame    0x0000000000000000      0x10c
 .debug_frame   0x0000000000000000       0x68 init.o
 .debug_frame   0x0000000000000068       0xa4 main.o

Cross Reference Table

Symbol                                            File
BSS_END                                           init.o
BSS_START                                         init.o
ConfigPins                                        main.o
Default_Handler                                   init.o
INIT_DATA_END                                     init.o
INIT_DATA_START                                   init.o
INIT_DATA_VALUES                                  init.o
Output                                            main.o
ReadADC                                           main.o
Vectors                                           init.o
clock_init                                        init.o
delay                                             main.o
init                                              init.o
main                                              main.o
                                                  init.o
