Archive member included because of file (symbol)

/home/fduignan/toolchain/gcc-arm-none-eabi/lib/gcc/arm-none-eabi/4.7.4/armv6-m/libgcc.a(_divsi3.o)
                              main.o (__aeabi_idiv)
/home/fduignan/toolchain/gcc-arm-none-eabi/lib/gcc/arm-none-eabi/4.7.4/armv6-m/libgcc.a(_dvmd_tls.o)
                              /home/fduignan/toolchain/gcc-arm-none-eabi/lib/gcc/arm-none-eabi/4.7.4/armv6-m/libgcc.a(_divsi3.o) (__aeabi_idiv0)

Allocating common symbols
Common symbol       size              file

DisplayMemory       0x10              main.o

Memory Configuration

Name             Origin             Length             Attributes
flash            0x0000000000000000 0x0000000000008000
ram              0x0000000010000000 0x0000000000002000
*default*        0x0000000000000000 0xffffffffffffffff

Linker script and memory map

LOAD init.o
LOAD main.o
LOAD /home/fduignan/toolchain/gcc-arm-none-eabi/lib/gcc/arm-none-eabi/4.7.4/armv6-m/libgcc.a
                0x0000000000000000                . = ORIGIN (flash)

.text           0x0000000000000000      0x564
 *(.vectors)
 .vectors       0x0000000000000000       0xc0 init.o
                0x0000000000000000                Vectors
 *(.text)
 .text          0x00000000000000c0       0xe0 init.o
                0x00000000000000c0                clock_init
                0x000000000000010c                init
                0x0000000000000198                Default_Handler
 .text          0x00000000000001a0      0x300 main.o
                0x00000000000001a0                SysTick
                0x0000000000000240                initSysTick
                0x0000000000000274                delay
                0x0000000000000298                DisplayNumber
                0x0000000000000340                RefreshDisplay
                0x00000000000003c8                ConfigPins
                0x000000000000044c                ReadADC
                0x0000000000000484                main
 .text          0x00000000000004a0       0xc0 /home/fduignan/toolchain/gcc-arm-none-eabi/lib/gcc/arm-none-eabi/4.7.4/armv6-m/libgcc.a(_divsi3.o)
                0x00000000000004a0                __aeabi_idiv
                0x00000000000004a0                __divsi3
                0x000000000000054c                __aeabi_idivmod
 .text          0x0000000000000560        0x4 /home/fduignan/toolchain/gcc-arm-none-eabi/lib/gcc/arm-none-eabi/4.7.4/armv6-m/libgcc.a(_dvmd_tls.o)
                0x0000000000000560                __aeabi_ldiv0
                0x0000000000000560                __aeabi_idiv0

.glue_7         0x0000000000000564        0x0
 .glue_7        0x0000000000000000        0x0 linker stubs

.glue_7t        0x0000000000000564        0x0
 .glue_7t       0x0000000000000000        0x0 linker stubs

.vfp11_veneer   0x0000000000000564        0x0
 .vfp11_veneer  0x0000000000000000        0x0 linker stubs

.v4_bx          0x0000000000000564        0x0
 .v4_bx         0x0000000000000000        0x0 linker stubs

.iplt           0x0000000000000564        0x0
 .iplt          0x0000000000000000        0x0 init.o

.rel.dyn        0x0000000000000564        0x0
 .rel.iplt      0x0000000000000000        0x0 init.o

.rodata         0x0000000000000564       0x14
 .rodata        0x0000000000000564       0x14 main.o
                0x0000000000000564                digits
                0x0000000010000000                . = ORIGIN (ram)

.data           0x0000000010000000        0x4 load address 0x0000000000000578
                0x0000000000000578                INIT_DATA_VALUES = LOADADDR (.data)
                0x0000000010000000                INIT_DATA_START = .
 *(.data)
 .data          0x0000000010000000        0x0 init.o
 .data          0x0000000010000000        0x4 main.o
 .data          0x0000000010000004        0x0 /home/fduignan/toolchain/gcc-arm-none-eabi/lib/gcc/arm-none-eabi/4.7.4/armv6-m/libgcc.a(_divsi3.o)
 .data          0x0000000010000004        0x0 /home/fduignan/toolchain/gcc-arm-none-eabi/lib/gcc/arm-none-eabi/4.7.4/armv6-m/libgcc.a(_dvmd_tls.o)
                0x0000000010000004                INIT_DATA_END = .
                0x0000000010000004                BSS_START = .

.igot.plt       0x0000000010000004        0x0 load address 0x000000000000057c
 .igot.plt      0x0000000000000000        0x0 init.o

.bss            0x0000000010000004       0x10 load address 0x000000000000057c
 *(.bss)
 .bss           0x0000000010000004        0x0 init.o
 .bss           0x0000000010000004        0x0 main.o
 .bss           0x0000000010000004        0x0 /home/fduignan/toolchain/gcc-arm-none-eabi/lib/gcc/arm-none-eabi/4.7.4/armv6-m/libgcc.a(_divsi3.o)
 .bss           0x0000000010000004        0x0 /home/fduignan/toolchain/gcc-arm-none-eabi/lib/gcc/arm-none-eabi/4.7.4/armv6-m/libgcc.a(_dvmd_tls.o)
 COMMON         0x0000000010000004       0x10 main.o
                0x0000000010000004                DisplayMemory
                0x0000000010000014                BSS_END = .
OUTPUT(main.elf elf32-littlearm)

.debug_info     0x0000000000000000      0x2a6
 .debug_info    0x0000000000000000      0x131 init.o
 .debug_info    0x0000000000000131      0x175 main.o

.debug_abbrev   0x0000000000000000      0x213
 .debug_abbrev  0x0000000000000000       0xe8 init.o
 .debug_abbrev  0x00000000000000e8      0x12b main.o

.debug_loc      0x0000000000000000      0x208
 .debug_loc     0x0000000000000000       0x90 init.o
 .debug_loc     0x0000000000000090      0x178 main.o

.debug_aranges  0x0000000000000000       0x40
 .debug_aranges
                0x0000000000000000       0x20 init.o
 .debug_aranges
                0x0000000000000020       0x20 main.o

.debug_line     0x0000000000000000       0xee
 .debug_line    0x0000000000000000       0x5b init.o
 .debug_line    0x000000000000005b       0x93 main.o

.debug_str      0x0000000000000000      0x193
 .debug_str     0x0000000000000000      0x11f init.o
                                        0x124 (size before relaxing)
 .debug_str     0x000000000000011f       0x74 main.o
                                        0x117 (size before relaxing)

.comment        0x0000000000000000       0x70
 .comment       0x0000000000000000       0x70 init.o
                                         0x71 (size before relaxing)
 .comment       0x0000000000000000       0x71 main.o

.ARM.attributes
                0x0000000000000000       0x31
 .ARM.attributes
                0x0000000000000000       0x31 init.o
 .ARM.attributes
                0x0000000000000031       0x31 main.o
 .ARM.attributes
                0x0000000000000062       0x1e /home/fduignan/toolchain/gcc-arm-none-eabi/lib/gcc/arm-none-eabi/4.7.4/armv6-m/libgcc.a(_divsi3.o)
 .ARM.attributes
                0x0000000000000080       0x1e /home/fduignan/toolchain/gcc-arm-none-eabi/lib/gcc/arm-none-eabi/4.7.4/armv6-m/libgcc.a(_dvmd_tls.o)

.debug_frame    0x0000000000000000      0x180
 .debug_frame   0x0000000000000000       0x68 init.o
 .debug_frame   0x0000000000000068       0xf8 main.o
 .debug_frame   0x0000000000000160       0x20 /home/fduignan/toolchain/gcc-arm-none-eabi/lib/gcc/arm-none-eabi/4.7.4/armv6-m/libgcc.a(_divsi3.o)

Cross Reference Table

Symbol                                            File
BSS_END                                           init.o
BSS_START                                         init.o
ConfigPins                                        main.o
Default_Handler                                   init.o
DisplayMemory                                     main.o
DisplayNumber                                     main.o
INIT_DATA_END                                     init.o
INIT_DATA_START                                   init.o
INIT_DATA_VALUES                                  init.o
ReadADC                                           main.o
RefreshDisplay                                    main.o
SysTick                                           main.o
                                                  init.o
Vectors                                           init.o
__aeabi_idiv                                      /home/fduignan/toolchain/gcc-arm-none-eabi/lib/gcc/arm-none-eabi/4.7.4/armv6-m/libgcc.a(_divsi3.o)
                                                  main.o
__aeabi_idiv0                                     /home/fduignan/toolchain/gcc-arm-none-eabi/lib/gcc/arm-none-eabi/4.7.4/armv6-m/libgcc.a(_dvmd_tls.o)
                                                  /home/fduignan/toolchain/gcc-arm-none-eabi/lib/gcc/arm-none-eabi/4.7.4/armv6-m/libgcc.a(_divsi3.o)
__aeabi_idivmod                                   /home/fduignan/toolchain/gcc-arm-none-eabi/lib/gcc/arm-none-eabi/4.7.4/armv6-m/libgcc.a(_divsi3.o)
                                                  main.o
__aeabi_ldiv0                                     /home/fduignan/toolchain/gcc-arm-none-eabi/lib/gcc/arm-none-eabi/4.7.4/armv6-m/libgcc.a(_dvmd_tls.o)
__divsi3                                          /home/fduignan/toolchain/gcc-arm-none-eabi/lib/gcc/arm-none-eabi/4.7.4/armv6-m/libgcc.a(_divsi3.o)
clock_init                                        init.o
delay                                             main.o
digits                                            main.o
init                                              init.o
initSysTick                                       main.o
main                                              main.o
                                                  init.o
